// Jest Snapshot v1, https://goo.gl/fbAQLP

exports[`matches snapshot 1`] = `
<DocumentFragment>
  <div
    class="container"
  >
    <div
      class="Home"
    >
      <h1>
        Welcome to Jobly!
      </h1>
      <p
        class="Home-description"
      >
        Find your dream jobs at top fake companies.
      </p>
      <form>
        <button
          class="btn btn-success mt-4"
        >
          DEMO USER
        </button>
      </form>
    </div>
  </div>
</DocumentFragment>
`;

exports[`matches snapshot when logged out 1`] = `
<DocumentFragment>
  <div
    class="container"
  >
    <div
      class="Home"
    >
      <h1>
        Welcome to Jobly!
      </h1>
      <p
        class="Home-description"
      >
        Find your dream jobs at top fake companies.
      </p>
      <form>
        <button
          class="btn btn-success mt-4"
        >
          DEMO USER
        </button>
      </form>
    </div>
  </div>
</DocumentFragment>
`;
